// Jest Snapshot v1, https://goo.gl/fbAQLP

exports[`ContactInfo should match snapshot 1`] = `
<h1>
  Get In Touch
</h1>
`;
