// Jest Snapshot v1, https://goo.gl/fbAQLP

exports[`Apresentation should match snapshot 1`] = `
<section
  class="sc-gsnTZi brbedO"
  id="about"
/>
`;
