// Jest Snapshot v1, https://goo.gl/fbAQLP

exports[`Title should match snapshot 1`] = `
<h1
  class="sc-bczRLJ jSHJYa"
>
  Example
</h1>
`;
